// Vitest Snapshot v1, https://vitest.dev/guide/snapshot.html

exports[`StoreList 1`] = `
"<div class="grid grid-cols-1 md:grid-cols-4 gap-6 mt-8">
  <div class="nui-card nui-card-rounded-md nui-card-default flex flex-col gap-4">
    <div class="flex justify-between items-center bg-primary-300 rounded-t-md p-2">
      <h1 class="text-xl font-bold flex items-center"><span class="iconify i-mdi:store-outline h-6 w-6" aria-hidden="true" color="primary"></span> Store 1</h1>
    </div>
    <div class="flex justify-between items-center p-4">
      <ul class="nui-list nui-list-media w-full">
        <li class="nui-list-item" color="primary"><span class="iconify i-mdi:map-marker-outline text-primary-500 h-6 w-6" aria-hidden="true" color="primary"></span>
          <div>
            <h6 class="nui-heading nui-heading-md nui-weight-medium nui-lead-tight">123 Main St, Anytown, USA</h6>
            <!--v-if-->
          </div>
          <!--v-if-->
        </li>
        <li class="nui-list-item" color="primary"><span class="iconify i-mdi:phone-outline text-primary-500 h-6 w-6" aria-hidden="true" color="primary"></span>
          <div>
            <h6 class="nui-heading nui-heading-md nui-weight-medium nui-lead-tight">(555) 123-4567</h6>
            <!--v-if-->
          </div>
          <!--v-if-->
        </li>
        <hr>
        <div><span class="nui-tag nui-tag-md nui-tag-rounded-lg nui-tag-outline nui-tag-success"> Open </span>
          <div class="flex items-center mt-2"><span class="iconify i-mdi:clock-outline text-primary-500 h-6 w-6" aria-hidden="true" color="primary"></span><span class="ml-2"> Mon-Fri: 9:00 AM - 10:00 PM</span></div>
        </div>
      </ul>
    </div>
  </div>
  <div class="nui-card nui-card-rounded-md nui-card-default flex flex-col gap-4">
    <div class="flex justify-between items-center bg-primary-300 rounded-t-md p-2">
      <h1 class="text-xl font-bold flex items-center"><span class="iconify i-mdi:store-outline h-6 w-6" aria-hidden="true" color="primary"></span> Store 2</h1>
    </div>
    <div class="flex justify-between items-center p-4">
      <ul class="nui-list nui-list-media w-full">
        <li class="nui-list-item" color="primary"><span class="iconify i-mdi:map-marker-outline text-primary-500 h-6 w-6" aria-hidden="true" color="primary"></span>
          <div>
            <h6 class="nui-heading nui-heading-md nui-weight-medium nui-lead-tight">123 Main St, Anytown, USA</h6>
            <!--v-if-->
          </div>
          <!--v-if-->
        </li>
        <li class="nui-list-item" color="primary"><span class="iconify i-mdi:phone-outline text-primary-500 h-6 w-6" aria-hidden="true" color="primary"></span>
          <div>
            <h6 class="nui-heading nui-heading-md nui-weight-medium nui-lead-tight">(555) 123-4567</h6>
            <!--v-if-->
          </div>
          <!--v-if-->
        </li>
        <hr>
        <div><span class="nui-tag nui-tag-md nui-tag-rounded-lg nui-tag-outline nui-tag-success"> Open </span>
          <div class="flex items-center mt-2"><span class="iconify i-mdi:clock-outline text-primary-500 h-6 w-6" aria-hidden="true" color="primary"></span><span class="ml-2"> Mon-Fri: 9:00 AM - 10:00 PM</span></div>
        </div>
      </ul>
    </div>
  </div>
</div>"
`;
